
> tasks-app@1.0.0 test
> jest --forceExit --runInBand

node.exe : PASS tests/tasks.test.ts (6.454 s)
En C:\Program Files\nodejs\npm.ps1: 29 Carácter: 3
+   & $NODE_EXE $NPM_CLI_JS $args
+   ~~~~~~~~~~~~~~~~~~~~~~~~~~~~~
    + CategoryInfo          : NotSpecified: (PASS tests/tasks.test.ts (6.454 s):String) [], RemoteExcepti 
   on
    + FullyQualifiedErrorId : NativeCommandError
 
  ÔùÅ Console

    console.log
      [dotenv@17.3.1] injecting env (7) from .env -- tip: ƒñû agentic secret storage: 
https://dotenvx.com/as2

      at _log (node_modules/dotenv/lib/main.js:139:11)

    console.log
      [dotenv@17.3.1] injecting env (0) from .env -- tip: ƒöÉ prevent building .env in docker: 
https://dotenvx.com/prebuild

      at _log (node_modules/dotenv/lib/main.js:139:11)

    console.log
      Server running on port 3000

      at Server.<anonymous> (src/index.ts:22:11)

    console.log
      createTask response: 201 {
        task: {
          id: 7,
          user_id: 19,
          title: 'Test Task',
          description: 'Test desc',
          status: 'pending',
          due_date: null,
          created_at: '2026-03-28T04:26:16.543Z',
          updated_at: '2026-03-28T04:26:16.543Z'
        }
      }

      at Object.<anonymous> (tests/tasks.test.ts:47:13)

PASS tests/auth.test.ts
  ÔùÅ Console

    console.log
      [dotenv@17.3.1] injecting env (7) from .env -- tip: ƒøá´©Å  run anywhere with `dotenvx run -- 
yourcommand`

      at _log (node_modules/dotenv/lib/main.js:139:11)

    console.log
      [dotenv@17.3.1] injecting env (0) from .env -- tip: ÔÜÖ´©Å  load multiple .env files with { path: 
['.env.local', '.env'] }

      at _log (node_modules/dotenv/lib/main.js:139:11)

    console.log
      Server running on port 3000

      at Server.<anonymous> (src/index.ts:22:11)


Test Suites: 2 passed, 2 total
Tests:       14 passed, 14 total
Snapshots:   0 total
Time:        7.873 s, estimated 16 s
Ran all test suites.
Force exiting Jest: Have you considered using `--detectOpenHandles` to detect async operations that kept 
running after all tests finished?
